=================================================================
[INFO] 타겟 선별 시작: 고정군 + 순환군 (1회 최대 550장 안전 상한)...
[고정군] 288장 (프로모/아이콘/85+ TOTW) [언트레이더블/SBC 87장 제외됨]
[순환군] 180장 (골드: 160, TOTW: 20)
[타겟] 이번 회차 총 수집 대상: 468장 (예상 소요시간: 약 37분)
=================================================================
[1/468] [89 special_potm_liga_f] ID 20212 (API: 50594179) -> 가격: 1,450,570 C
[2/468] [89 special_base_icon] ID 20067 (API: 10264) -> 가격: 223,000 C
[3/468] [89 special_base_hero] ID 19908 (API: 166676) -> 가격: 416,000 C
[4/468] [86 special_totw] ID 20229 (API: 50524633) -> 가격: 104,000 C
[5/468] [92 special_totw] ID 20227 (API: 50558851) -> 가격: 3,050,000 C
[6/468] [91 special_totw] ID 20230 (API: 50584019) -> 가격: 1,980,000 C
[7/468] [90 special_totw] ID 20225 (API: 50573494) -> 가격: 850,000 C
[8/468] [85 special_totw] ID 20226 (API: 50520193) -> 가격: 20,500 C
[9/468] [88 special_totw] ID 20228 (API: 50588656) -> 가격: 117,000 C
[10/468] [88 special_totw] ID 20231 (API: 50558541) -> 가격: 350,000 C
[11/468] [90 special_totw] ID 20235 (API: 50562269) -> 가격: 301,000 C
[12/468] [94 special_base_icon] ID 19790 (API: 37576) -> 가격: 14,650,000 C
[13/468] [89 special_totw] ID 19808 (API: 67374762) -> 가격: 3,325,000 C
[14/468] [88 special_base_icon] ID 19809 (API: 20289) -> 가격: 1,780,000 C
[15/468] [92 special_base_icon] ID 19810 (API: 1179) -> 가격: 905,000 C
[16/468] [91 special_base_icon] ID 19817 (API: 41236) -> 가격: 2,970,000 C
[17/468] [89 special_base_icon] ID 19828 (API: 7289) -> 가격: 1,999,000 C
[18/468] [88 special_base_icon] ID 19839 (API: 201535) -> 가격: 2,000,000 C
[19/468] [90 special_base_icon] ID 19838 (API: 71608) -> 가격: 410,000 C
[20/468] [88 special_base_icon] ID 19853 (API: 138956) -> 가격: 705,000 C
[21/468] [90 special_base_icon] ID 19881 (API: 227002) -> 가격: 569,000 C
[22/468] [88 special_base_icon] ID 19893 (API: 191208) -> 가격: 615,000 C
[23/468] [88 special_base_hero] ID 19892 (API: 251483) -> 가격: 520,000 C
[24/468] [90 special_base_icon] ID 19904 (API: 190044) -> 가격: 350,000 C
[25/468] [87 special_base_hero] ID 19914 (API: 214649) -> 가격: 164,000 C
[26/468] [88 special_base_hero] ID 19924 (API: 266691) -> 가격: 285,000 C
[27/468] [88 special_base_icon] ID 19925 (API: 248146) -> 가격: 349,000 C
[28/468] [90 special_base_icon] ID 19947 (API: 4231) -> 가격: 533,000 C
[29/468] [87 special_base_hero] ID 19961 (API: 67335226) -> 가격: 340,000 C
[30/468] [89 special_base_icon] ID 19960 (API: 167134) -> 가격: 369,000 C
[31/468] [88 special_base_icon] ID 19985 (API: 1605) -> 가격: 249,000 C
[32/468] [92 special_base_icon] ID 19998 (API: 275276) -> 가격: 253,000 C
[33/468] [86 special_base_hero] ID 20018 (API: 1551) -> 가격: 82,500 C
[34/468] [86 special_totw] ID 20019 (API: 50572884) -> 가격: 67,000 C
[35/468] [88 special_base_icon] ID 20017 (API: 243030) -> 가격: 261,000 C
[36/468] [86 special_base_hero] ID 20038 (API: 227271) -> 가격: 73,000 C
[37/468] [89 special_base_hero] ID 20039 (API: 233700) -> 가격: 105,000 C
[38/468] [86 special_base_hero] ID 20064 (API: 156353) -> 가격: 159,000 C
[39/468] [87 special_base_hero] ID 20063 (API: 191694) -> 가격: 43,250 C
[40/468] [85 special_base_hero] ID 20104 (API: 51412) -> 가격: 42,500 C
[41/468] [86 special_base_hero] ID 20113 (API: 5679) -> 가격: 42,000 C
[42/468] [95 special_base_icon] ID 19792 (API: 237067) -> 가격: 6,592,000 C
[43/468] [88 special_base_hero] ID 19837 (API: 120274) -> 가격: 1,261,000 C
[44/468] [88 special_totw] ID 19876 (API: 50540979) -> 가격: 153,000 C
[45/468] [87 special_base_hero] ID 19875 (API: 16619) -> 가격: 690,000 C
[46/468] [88 special_base_icon] ID 19898 (API: 5419) -> 가격: 510,000 C
[47/468] [88 special_base_icon] ID 19939 (API: 82092) -> 가격: 449,000 C
[48/468] [87 special_base_hero] ID 19975 (API: 53302) -> 가격: 338,000 C
[49/468] [85 special_base_hero] ID 20060 (API: 227261) -> 가격: 84,500 C
[50/468] [93 special_base_icon] ID 19791 (API: 275243) -> 가격: 15,000,000 C

[안전 대기] 50건 수집 완료. 봇 차단 방지 휴식 중 (8.4초)...

[51/468] [89 special_base_hero] ID 19836 (API: 191972) -> 가격: 2,983,000 C
[52/468] [91 special_base_icon] ID 19844 (API: 488) -> 가격: 618,000 C
[53/468] [89 special_base_icon] ID 19874 (API: 190046) -> 가격: 700,000 C
[54/468] [90 special_base_icon] ID 19830 (API: 238382) -> 가격: 920,000 C
[55/468] [90 special_base_icon] ID 19861 (API: 191190) -> 가격: 1,320,000 C
[56/468] [89 special_base_icon] ID 19860 (API: 4833) -> 가격: 1,046,000 C
[57/468] [88 special_base_icon] ID 19926 (API: 214098) -> 가격: 530,000 C
[58/468] [89 special_base_icon] ID 19991 (API: 214267) -> 가격: 230,000 C
[59/468] [88 special_base_icon] ID 20004 (API: 82094) -> 가격: 247,000 C
[60/468] [89 special_base_icon] ID 19984 (API: 6235) -> 가격: 333,000 C
[61/468] [88 special_base_icon] ID 19987 (API: 166124) -> 가격: 340,000 C
[62/468] [88 special_base_icon] ID 20045 (API: 250) -> 가격: 416,000 C
[63/468] [89 special_base_icon] ID 19912 (API: 77676) -> 가격: 378,000 C
[64/468] [86 special_base_hero] ID 20095 (API: 181783) -> 가격: 45,500 C
[65/468] [94 special_base_icon] ID 19793 (API: 1397) -> 가격: 3,650,000 C
[66/468] [88 special_base_icon] ID 20005 (API: 23174) -> 가격: 235,000 C
[67/468] [89 special_totw] ID 19827 (API: 50565067) -> 가격: 1,740,000 C
[68/468] [90 special_base_icon] ID 19832 (API: 226330) -> 가격: 1,220,000 C
[69/468] [91 special_base_icon] ID 19859 (API: 10535) -> 가격: 735,000 C
[70/468] [88 special_base_icon] ID 19899 (API: 34079) -> 가격: 570,000 C
[71/468] [93 special_base_icon] ID 19803 (API: 190045) -> 가격: 5,400,000 C
[72/468] [88 special_base_icon] ID 19915 (API: 51539) -> 가격: 615,000 C
[73/468] [91 special_base_icon] ID 19796 (API: 227006) -> 가격: 1,389,000 C
[74/468] [89 special_base_icon] ID 19820 (API: 153079) -> 가격: 2,824,000 C
[75/468] [89 special_base_icon] ID 19821 (API: 9676) -> 가격: 2,015,000 C
[76/468] [89 special_base_icon] ID 19886 (API: 191695) -> 가격: 2,049,000 C
[77/468] [87 special_base_hero] ID 19840 (API: 137186) -> 가격: 555,000 C
[78/468] [87 special_base_hero] ID 19855 (API: 28765) -> 가격: 489,000 C
[79/468] [86 special_base_hero] ID 19916 (API: 138123) -> 가격: 235,000 C
[80/468] [88 special_base_hero] ID 19974 (API: 5673) -> 가격: 68,000 C
[81/468] [91 special_totw] ID 19850 (API: 50579475) -> 가격: 839,000 C
[82/468] [91 special_totw] ID 19841 (API: 67386507) -> 가격: 1,189,000 C
[83/468] [87 special_base_hero] ID 19845 (API: 5740) -> 가격: 1,233,000 C
[84/468] [91 special_base_icon] ID 19794 (API: 214100) -> 가격: 7,287,000 C
[85/468] [93 special_base_icon] ID 19816 (API: 28130) -> 가격: 5,348,000 C
[86/468] [87 special_base_hero] ID 19819 (API: 171877) -> 가격: 498,000 C
[87/468] [85 special_destined_for_glory] ID 20154 (API: 50573384) -> 가격: 124,000 C
[88/468] [86 special_destined_for_glory] ID 20155 (API: 50559326) -> 가격: 124,000 C
[89/468] [85 special_destined_for_glory] ID 20159 (API: 50584757) -> 가격: 20,250 C
[90/468] [90 special_base_icon] ID 19806 (API: 238435) -> 가격: 4,599,000 C
[91/468] [85 special_base_hero] ID 20120 (API: 51257) -> 가격: 69,500 C
[92/468] [95 special_base_icon] ID 19802 (API: 190042) -> 가격: 5,810,000 C
[93/468] [91 special_base_icon] ID 19804 (API: 242519) -> 가격: 7,565,000 C
[94/468] [91 special_base_icon] ID 19805 (API: 166691) -> 가격: 11,000,000 C
[95/468] [90 special_base_icon] ID 19807 (API: 243075) -> 가격: 1,802,000 C
[96/468] [90 special_base_icon] ID 19811 (API: 138449) -> 가격: 1,848,000 C
[97/468] [92 special_base_icon] ID 19829 (API: 41) -> 가격: 1,420,000 C
[98/468] [93 special_base_icon] ID 19798 (API: 238439) -> 가격: 3,450,000 C
[99/468] [91 special_base_icon] ID 19797 (API: 226301) -> 가격: 2,490,000 C
[100/468] [91 special_base_icon] ID 19799 (API: 1625) -> 가격: 3,500,000 C

[안전 대기] 50건 수집 완료. 봇 차단 방지 휴식 중 (11.6초)...

[101/468] [90 special_base_icon] ID 19801 (API: 247699) -> 가격: 1,817,000 C
[102/468] [88 special_base_icon] ID 19848 (API: 49369) -> 가격: 985,000 C
[103/468] [90 special_base_icon] ID 19834 (API: 84415) -> 가격: 499,000 C
[104/468] [90 special_base_icon] ID 19851 (API: 54050) -> 가격: 1,300,000 C
[105/468] [92 special_base_icon] ID 19814 (API: 230025) -> 가격: 2,344,000 C
[106/468] [88 special_base_icon] ID 19842 (API: 48940) -> 가격: 396,000 C
[107/468] [93 special_base_icon] ID 19824 (API: 247553) -> 가격: 1,800,000 C
[108/468] [91 special_base_icon] ID 19826 (API: 167135) -> 가격: 1,850,000 C
[109/468] [90 special_base_icon] ID 19831 (API: 45661) -> 가격: 792,000 C
[110/468] [92 special_base_icon] ID 19833 (API: 190048) -> 가격: 980,000 C
[111/468] [90 special_base_icon] ID 19849 (API: 226764) -> 가격: 1,667,000 C
[112/468] [89 special_base_icon] ID 19857 (API: 5471) -> 가격: 455,000 C
[113/468] [93 special_base_icon] ID 19795 (API: 168473) -> 가격: 2,220,000 C
[114/468] [88 special_base_icon] ID 19835 (API: 238427) -> 가격: 2,149,000 C
[115/468] [89 special_base_icon] ID 19822 (API: 1615) -> 가격: 2,900,000 C
[116/468] [92 special_base_icon] ID 19812 (API: 254642) -> 가격: 2,340,000 C
[117/468] [90 special_base_icon] ID 19815 (API: 226369) -> 가격: 898,000 C
[118/468] [89 special_base_icon] ID 19823 (API: 268513) -> 가격: 2,949,000 C
[119/468] [88 special_base_icon] ID 19907 (API: 121944) -> 가격: 449,000 C
[120/468] [89 special_base_icon] ID 19865 (API: 1116) -> 가격: 965,000 C
[121/468] [88 special_base_icon] ID 19818 (API: 71557) -> 가격: 2,470,000 C
[122/468] [88 special_base_icon] ID 19878 (API: 238443) -> 가격: 799,000 C
[123/468] [89 special_base_icon] ID 19880 (API: 246) -> 가격: 398,000 C
[124/468] [88 special_base_icon] ID 19882 (API: 1668) -> 가격: 1,030,000 C
[125/468] [90 special_base_icon] ID 19887 (API: 238388) -> 가격: 434,000 C
[126/468] [89 special_base_icon] ID 19888 (API: 120533) -> 가격: 913,000 C
[127/468] [88 special_base_icon] ID 19889 (API: 243029) -> 가격: 645,000 C
[128/468] [91 special_base_icon] ID 19891 (API: 5003) -> 가격: 838,000 C
[129/468] [88 special_base_icon] ID 19896 (API: 45674) -> 가격: 889,000 C
[130/468] [88 special_base_icon] ID 19900 (API: 222000) -> 가격: 289,000 C
[131/468] [91 special_base_icon] ID 19901 (API: 166906) -> 가격: 390,000 C
[132/468] [89 special_base_icon] ID 19903 (API: 240) -> 가격: 500,000 C
[133/468] [91 special_base_icon] ID 19858 (API: 1114) -> 가격: 814,000 C
[134/468] [89 special_base_icon] ID 19862 (API: 167198) -> 가격: 1,025,000 C
[135/468] [89 special_base_icon] ID 19863 (API: 227263) -> 가격: 610,000 C
[136/468] [90 special_base_icon] ID 19866 (API: 5479) -> 가격: 720,000 C
[137/468] [89 special_base_icon] ID 19872 (API: 1238) -> 가격: 1,201,000 C
[138/468] [89 special_base_icon] ID 19953 (API: 166149) -> 가격: 444,000 C
[139/468] [89 special_base_icon] ID 19918 (API: 13743) -> 가격: 561,000 C
[140/468] [89 special_base_icon] ID 19942 (API: 13128) -> 가격: 375,000 C
[141/468] [89 special_base_icon] ID 19930 (API: 176676) -> 가격: 811,000 C
[142/468] [89 special_base_icon] ID 19934 (API: 1183) -> 가격: 650,000 C
[143/468] [89 special_base_icon] ID 19945 (API: 31432) -> 가격: 745,000 C
[144/468] [89 special_base_icon] ID 19920 (API: 167680) -> 가격: 376,000 C
[145/468] [89 special_base_icon] ID 19923 (API: 1088) -> 가격: 305,000 C
[146/468] [88 special_base_icon] ID 19929 (API: 262112) -> 가격: 427,000 C
[147/468] [90 special_base_icon] ID 19928 (API: 7763) -> 가격: 485,000 C
[148/468] [91 special_base_icon] ID 19919 (API: 192181) -> 가격: 423,000 C
[149/468] [88 special_base_icon] ID 19927 (API: 77790) -> 가격: 539,000 C
[150/468] [88 special_base_icon] ID 19931 (API: 227270) -> 가격: 295,000 C

[안전 대기] 50건 수집 완료. 봇 차단 방지 휴식 중 (12.0초)...

[151/468] [92 special_base_icon] ID 19952 (API: 226293) -> 가격: 221,000 C
[152/468] [86 special_base_hero] ID 19843 (API: 266473) -> 가격: 208,000 C
[153/468] [89 special_base_icon] ID 19932 (API: 121939) -> 가격: 566,000 C
[154/468] [89 special_base_icon] ID 19894 (API: 238428) -> 가격: 408,000 C
[155/468] [88 special_base_icon] ID 19909 (API: 247515) -> 가격: 384,000 C
[156/468] [90 special_base_icon] ID 19917 (API: 5589) -> 가격: 590,000 C
[157/468] [88 special_base_icon] ID 20036 (API: 135455) -> 가격: 499,000 C
[158/468] [87 special_base_hero] ID 19864 (API: 173210) -> 가격: 350,000 C
[159/468] [88 special_base_icon] ID 19968 (API: 1620) -> 가격: 460,000 C
[160/468] [89 special_base_icon] ID 20042 (API: 238384) -> 가격: 301,000 C
[161/468] [88 special_base_icon] ID 19958 (API: 140601) -> 가격: 610,000 C
[162/468] [90 special_base_icon] ID 19973 (API: 238430) -> 가격: 1,150,000 C
[163/468] [88 special_base_icon] ID 19976 (API: 250890) -> 가격: 456,000 C
[164/468] [88 special_base_icon] ID 19983 (API: 192190) -> 가격: 510,000 C
[165/468] [90 special_base_icon] ID 20006 (API: 182521) -> 가격: 519,000 C
[166/468] [88 special_base_icon] ID 20011 (API: 7512) -> 가격: 310,000 C
[167/468] [88 special_base_icon] ID 20029 (API: 45197) -> 가격: 307,000 C
[168/468] [88 special_base_icon] ID 20032 (API: 247703) -> 가격: 213,000 C
[169/468] [89 special_base_icon] ID 20040 (API: 221162) -> 가격: 390,000 C
[170/468] [88 special_base_icon] ID 20072 (API: 242510) -> 가격: 225,000 C
[171/468] [89 special_base_icon] ID 20079 (API: 51) -> 가격: 215,000 C
[172/468] [89 special_base_hero] ID 19825 (API: 183277) -> 가격: 1,650,000 C
[173/468] [86 special_base_hero] ID 19868 (API: 184943) -> 가격: 1,348,000 C
[174/468] [89 special_base_icon] ID 19963 (API: 1041) -> 가격: 388,000 C
[175/468] [88 special_base_icon] ID 19964 (API: 161840) -> 가격: 266,000 C
[176/468] [87 special_base_hero] ID 19977 (API: 1201) -> 가격: 497,000 C
[177/468] [86 special_base_hero] ID 19870 (API: 50752) -> 가격: 362,000 C
[178/468] [87 special_base_hero] ID 19949 (API: 47390) -> 가격: 388,000 C
[179/468] [88 special_base_hero] ID 19969 (API: 274966) -> 가격: 465,000 C
[180/468] [88 special_base_hero] ID 19950 (API: 226373) -> 가격: 113,000 C
[181/468] [87 special_base_hero] ID 19906 (API: 227315) -> 가격: 315,000 C
[182/468] [88 special_base_hero] ID 19921 (API: 214101) -> 가격: 569,000 C
[183/468] [88 special_base_hero] ID 19933 (API: 275049) -> 가격: 245,000 C
[184/468] [87 special_base_hero] ID 19935 (API: 27) -> 가격: 255,000 C
[185/468] [88 special_base_hero] ID 19943 (API: 570) -> 가격: 459,000 C
[186/468] [85 special_base_hero] ID 19944 (API: 266694) -> 가격: 415,000 C
[187/468] [86 special_base_hero] ID 19946 (API: 81644) -> 가격: 267,000 C
[188/468] [87 special_base_hero] ID 19948 (API: 266801) -> 가격: 259,000 C
[189/468] [88 special_base_hero] ID 19972 (API: 162895) -> 가격: 295,000 C
[190/468] [88 special_base_hero] ID 19955 (API: 5454) -> 가격: 324,000 C
[191/468] [86 special_base_hero] ID 19869 (API: 170890) -> 가격: 2,799,000 C
[192/468] [88 special_base_hero] ID 19895 (API: 3622) -> 가격: 381,000 C
[193/468] [87 special_base_hero] ID 19902 (API: 1025) -> 가격: 187,000 C
[194/468] [89 special_base_hero] ID 19905 (API: 167425) -> 가격: 585,000 C
[195/468] [87 special_base_hero] ID 20001 (API: 242625) -> 가격: 92,000 C
[196/468] [86 special_base_hero] ID 20044 (API: 1845) -> 가격: 99,500 C
[197/468] [87 special_base_hero] ID 20009 (API: 10704) -> 가격: 123,000 C
[198/468] [86 special_base_hero] ID 20023 (API: 8473) -> 가격: 62,000 C
[199/468] [87 special_base_hero] ID 20062 (API: 30110) -> 가격: 83,000 C
[200/468] [86 special_base_hero] ID 20065 (API: 5467) -> 가격: 62,500 C

[안전 대기] 50건 수집 완료. 봇 차단 방지 휴식 중 (9.0초)...

[201/468] [86 special_base_hero] ID 20022 (API: 243027) -> 가격: 55,000 C
[202/468] [86 special_base_hero] ID 20033 (API: 275092) -> 가격: 153,000 C
[203/468] [85 special_base_hero] ID 20047 (API: 39386) -> 가격: 90,000 C
[204/468] [86 special_base_hero] ID 20000 (API: 6975) -> 가격: 85,000 C
[205/468] [88 special_base_hero] ID 20012 (API: 142754) -> 가격: 208,000 C
[206/468] [88 special_base_hero] ID 20016 (API: 262271) -> 가격: 93,000 C
[207/468] [86 special_base_hero] ID 20025 (API: 262285) -> 가격: 130,000 C
[208/468] [87 special_base_hero] ID 20028 (API: 273812) -> 가격: 122,000 C
[209/468] [85 special_base_hero] ID 20054 (API: 16254) -> 가격: 67,000 C
[210/468] [87 special_base_hero] ID 20056 (API: 5661) -> 가격: 91,000 C
[211/468] [86 special_base_hero] ID 20057 (API: 44897) -> 가격: 74,000 C
[212/468] [86 special_base_hero] ID 20058 (API: 168886) -> 가격: 63,000 C
[213/468] [87 special_base_hero] ID 19989 (API: 8348) -> 가격: 146,000 C
[214/468] [89 special_base_hero] ID 19990 (API: 261593) -> 가격: 116,000 C
[215/468] [85 special_base_hero] ID 19993 (API: 20775) -> 가격: 290,000 C
[216/468] [87 special_base_hero] ID 19994 (API: 10959) -> 가격: 121,000 C
[217/468] [87 special_base_hero] ID 19999 (API: 238424) -> 가격: 82,000 C
[218/468] [88 special_base_hero] ID 20106 (API: 26709) -> 가격: 164,000 C
[219/468] [85 special_base_hero] ID 20071 (API: 155897) -> 가격: 47,000 C
[220/468] [88 special_totw] ID 19959 (API: 50539513) -> 가격: 215,000 C
[221/468] [86 special_base_hero] ID 19938 (API: 239261) -> 가격: 210,000 C
[222/468] [86 special_base_hero] ID 20081 (API: 15723) -> 가격: 66,500 C
[223/468] [86 special_base_hero] ID 20102 (API: 215732) -> 가격: 36,500 C
[224/468] [88 special_base_hero] ID 20078 (API: 77787) -> 가격: 83,500 C
[225/468] [89 special_totw] ID 19940 (API: 67329765) -> 가격: 242,000 C
[226/468] [86 special_totw] ID 20030 (API: 67336957) -> 가격: 57,000 C
[227/468] [87 special_base_hero] ID 20066 (API: 150418) -> 가격: 62,500 C
[228/468] [86 special_totw] ID 19877 (API: 67355727) -> 가격: 154,000 C
[229/468] [85 special_totw] ID 20031 (API: 67376394) -> 가격: 121,000 C
[230/468] [86 special_base_hero] ID 20068 (API: 274967) -> 가격: 127,000 C
[231/468] [86 special_base_hero] ID 20069 (API: 25924) -> 가격: 208,000 C
[232/468] [86 special_base_hero] ID 20070 (API: 25420) -> 가격: 42,000 C
[233/468] [89 special_totw] ID 19846 (API: 50595660) -> 가격: 676,000 C
[234/468] [86 special_base_hero] ID 19910 (API: 330) -> 가격: 282,000 C
[235/468] [89 special_base_icon] ID 19884 (API: 266690) -> 가격: 1,564,000 C
[236/468] [88 special_base_icon] ID 19873 (API: 71587) -> 가격: 382,000 C
[237/468] [88 special_base_hero] ID 19897 (API: 274750) -> 가격: 538,000 C
[238/468] [89 special_destined_for_glory] ID 20145 (API: 50583793) -> 가격: 1,001,000 C
[239/468] [91 special_destined_for_glory] ID 20144 (API: 50563395) -> 가격: 10,000,000 C
[240/468] [88 special_destined_for_glory] ID 20150 (API: 50565379) -> 가격: 516,000 C
[241/468] [90 special_base_icon] ID 19885 (API: 226975) -> 가격: 769,000 C
[242/468] [92 special_base_icon] ID 19813 (API: 226359) -> 가격: 813,000 C
[243/468] [86 special_totw] ID 20035 (API: 67336110) -> 가격: 19,750 C
[244/468] [88 special_base_hero] ID 19847 (API: 226307) -> 가격: 165,000 C
[245/468] [87 special_base_icon] ID 19962 (API: 226362) -> 가격: 281,000 C
[246/468] [90 special_base_icon] ID 19867 (API: 227324) -> 가격: 888,000 C
[247/468] [85 special_base_hero] ID 19911 (API: 227262) -> 가격: 125,000 C
[248/468] [88 special_base_icon] ID 19913 (API: 267275) -> 가격: 499,000 C
[249/468] [90 special_base_icon] ID 19800 (API: 226895) -> 가격: 2,888,000 C
[250/468] [87 special_destined_for_glory] ID 20146 (API: 50591895) -> 가격: 388,000 C

[안전 대기] 50건 수집 완료. 봇 차단 방지 휴식 중 (11.3초)...

[251/468] [86 special_destined_for_glory] ID 20151 (API: 50520215) -> 가격: 80,000 C
[252/468] [88 special_destined_for_glory] ID 20153 (API: 50590935) -> 가격: 87,500 C
[253/468] [85 special_destined_for_glory] ID 20149 (API: 50611252) -> 가격: 115,000 C
[254/468] [86 special_destined_for_glory] ID 20148 (API: 50574893) -> 가격: 32,250 C
[255/468] [85 special_destined_for_glory] ID 20152 (API: 50579813) -> 가격: 112,000 C
[256/468] [86 special_destined_for_glory] ID 20147 (API: 50593503) -> 가격: 899,000 C
[257/468] [87 special_destined_for_glory] ID 20158 (API: 50575824) -> 가격: 40,000 C
[258/468] [85 special_destined_for_glory] ID 20156 (API: 50594511) -> 가격: 66,720 C
[259/468] [85 special_destined_for_glory] ID 20157 (API: 50578336) -> 가격: 29,250 C
[260/468] [90 special_totw] ID 20178 (API: 50611447) -> 가격: 190,000 C
[261/468] [87 special_totw] ID 20175 (API: 50573299) -> 가격: 57,000 C
[262/468] [87 special_totw] ID 20179 (API: 50554313) -> 가격: 95,500 C
[263/468] [86 special_totw] ID 20182 (API: 50571678) -> 가격: 18,000 C
[264/468] [86 special_totw] ID 20180 (API: 50508651) -> 가격: 40,000 C
[265/468] [91 special_potm_bundesliga] ID 20187 (API: 84133907) -> 가격: 902,710 C
[266/468] [85 special_potm_serie_a] ID 20188 (API: 50563095) -> 가격: 116,280 C
[267/468] [89 special_base_hero] ID 20075 (API: 226306) -> 가격: 55,000 C
[268/468] [89 special_potm_laliga_ea_sports] ID 20189 (API: 84119499) -> 가격: 1,676,270 C
[269/468] [84 special_potm_premier_league] ID 20190 (API: 84076845) -> 가격: 24,610 C
[270/468] [85 special_destined_for_glory] ID 20191 (API: 50596510) -> 가격: 87,740 C
[271/468] [86 special_destined_for_glory] ID 20203 (API: 50574612) -> 가격: 253,000 C
[272/468] [86 special_destined_for_glory] ID 20196 (API: 50574662) -> 가격: 481,000 C
[273/468] [88 special_destined_for_glory] ID 20198 (API: 50570879) -> 가격: 196,000 C
[274/468] [91 special_destined_for_glory] ID 20194 (API: 50570733) -> 가격: 1,230,000 C
[275/468] [85 special_destined_for_glory] ID 20204 (API: 50555345) -> 가격: 29,000 C
[276/468] [85 special_destined_for_glory] ID 20201 (API: 50602505) -> 가격: 69,000 C
[277/468] [89 special_destined_for_glory] ID 20192 (API: 50561206) -> 가격: 1,230,000 C
[278/468] [86 special_destined_for_glory] ID 20202 (API: 50597341) -> 가격: 20,250 C
[279/468] [87 special_destined_for_glory] ID 20205 (API: 50609494) -> 가격: 109,000 C
[280/468] [85 special_destined_for_glory] ID 20206 (API: 50585769) -> 가격: 20,250 C
[281/468] [87 special_destined_for_glory] ID 20193 (API: 50604801) -> 가격: 390,000 C
[282/468] [86 special_destined_for_glory] ID 20197 (API: 50562547) -> 가격: 278,000 C
[283/468] [88 special_destined_for_glory] ID 20195 (API: 50559009) -> 가격: 790,000 C
[284/468] [85 special_destined_for_glory] ID 20200 (API: 50606677) -> 가격: 21,000 C
[285/468] [85 special_destined_for_glory] ID 20199 (API: 50570392) -> 가격: 92,500 C
[286/468] [84 special_destined_for_glory] ID 20207 (API: 50606401) -> 가격: 24,610 C
[287/468] [88 special_base_icon] ID 19883 (API: 156616) -> 가격: 900,000 C
[288/468] [86 special_base_hero] ID 19981 (API: 7743) -> 가격: 119,000 C
[289/468] [87 gold] ID 64 (API: 247819) -> 가격: 8,800 C
[290/468] [86 gold] ID 96 (API: 256079) -> 가격: 6,700 C
[291/468] [86 gold] ID 93 (API: 247851) -> 가격: 6,000 C
[292/468] [87 Gold] ID 62 (API: 239818) -> 가격: 8,200 C
[293/468] [86 gold] ID 97 (API: 256630) -> 가격: 6,000 C
[294/468] [87 gold] ID 50 (API: 215698) -> 가격: 8,700 C
[295/468] [86 gold] ID 98 (API: 257001) -> 가격: 7,600 C
[296/468] [87 gold] ID 46 (API: 207865) -> 가격: 8,700 C
[297/468] [86 gold] ID 100 (API: 265239) -> 가격: 6,000 C
[298/468] [86 gold] ID 101 (API: 265674) -> 가격: 30,000 C
[299/468] [86 gold] ID 80 (API: 233731) -> 가격: 7,500 C
[300/468] [86 gold] ID 87 (API: 241651) -> 가격: 6,400 C

[안전 대기] 50건 수집 완료. 봇 차단 방지 휴식 중 (8.3초)...

[301/468] [86 Gold] ID 76 (API: 226271) -> 가격: 5,900 C
[302/468] [86 gold] ID 75 (API: 226268) -> 가격: 6,000 C
[303/468] [86 gold] ID 81 (API: 234577) -> 가격: 6,000 C
[304/468] [86 gold] ID 99 (API: 259532) -> 가격: 41,000 C
[305/468] [86 gold] ID 94 (API: 251570) -> 가격: 28,500 C
[306/468] [86 gold] ID 88 (API: 243404) -> 가격: 63,000 C
[307/468] [85 gold] ID 120 (API: 227125) -> 가격: 3,500 C
[308/468] [86 gold] ID 77 (API: 227323) -> 가격: 6,400 C
[309/468] [85 gold] ID 108 (API: 204935) -> 가격: 3,700 C
[310/468] [86 gold] ID 90 (API: 246191) -> 가격: 51,500 C
[311/468] [85 gold] ID 145 (API: 246104) -> 가격: 7,000 C
[312/468] [86 gold] ID 95 (API: 252154) -> 가격: 6,100 C
[313/468] [86 gold] ID 82 (API: 236772) -> 가격: 10,750 C
[314/468] [86 gold] ID 78 (API: 228702) -> 가격: 77,000 C
[315/468] [86 Gold] ID 103 (API: 278046) -> 가격: 6,000 C
[316/468] [86 gold] ID 83 (API: 237238) -> 가격: 6,000 C
[317/468] [85 gold] ID 148 (API: 246863) -> 가격: 5,400 C
[318/468] [86 gold] ID 86 (API: 239580) -> 가격: 8,600 C
[319/468] [85 gold] ID 113 (API: 215441) -> 가격: 3,200 C
[320/468] [85 Gold] ID 106 (API: 199503) -> 가격: 3,200 C
[321/468] [85 Gold] ID 115 (API: 224293) -> 가격: 3,200 C
[322/468] [85 gold] ID 133 (API: 240714) -> 가격: 3,000 C
[323/468] [85 gold] ID 109 (API: 208128) -> 가격: 3,200 C
[324/468] [85 Gold] ID 114 (API: 216393) -> 가격: 3,200 C
[325/468] [85 gold] ID 151 (API: 257289) -> 가격: 11,750 C
[326/468] [85 gold] ID 136 (API: 241236) -> 가격: 3,300 C
[327/468] [85 gold] ID 116 (API: 225375) -> 가격: 3,500 C
[328/468] [85 gold] ID 117 (API: 226161) -> 가격: 64,000 C
[329/468] [85 gold] ID 104 (API: 177003) -> 가격: 3,300 C
[330/468] [85 gold] ID 159 (API: 267234) -> 가격: 3,400 C
[331/468] [85 Gold] ID 111 (API: 210035) -> 가격: 3,200 C
[332/468] [85 gold] ID 110 (API: 210008) -> 가격: 3,300 C
[333/468] [85 gold] ID 150 (API: 251517) -> 가격: 3,900 C
[334/468] [85 gold] ID 119 (API: 227110) -> 가격: 3,300 C
[335/468] [85 gold] ID 118 (API: 227095) -> 가격: 3,300 C
[336/468] [85 gold] ID 121 (API: 227246) -> 가격: 3,200 C
[337/468] [85 Gold] ID 122 (API: 227254) -> 가격: 3,100 C
[338/468] [85 gold] ID 125 (API: 227353) -> 가격: 3,200 C
[339/468] [85 gold] ID 124 (API: 227337) -> 가격: 3,200 C
[340/468] [85 Gold] ID 123 (API: 227310) -> 가격: 3,100 C
[341/468] [85 gold] ID 143 (API: 245882) -> 가격: 3,100 C
[342/468] [85 gold] ID 161 (API: 273136) -> 가격: 3,200 C
[343/468] [85 gold] ID 112 (API: 211110) -> 가격: 3,900 C
[344/468] [85 Gold] ID 160 (API: 268942) -> 가격: 3,200 C
[345/468] [85 gold] ID 126 (API: 228093) -> 가격: 3,300 C
[346/468] [85 gold] ID 142 (API: 245697) -> 가격: 4,300 C
[347/468] [85 gold] ID 144 (API: 245956) -> 가격: 3,400 C
[348/468] [85 gold] ID 146 (API: 246426) -> 가격: 3,200 C
[349/468] [85 Gold] ID 147 (API: 246641) -> 가격: 3,000 C
[350/468] [85 gold] ID 127 (API: 230869) -> 가격: 5,500 C

[안전 대기] 50건 수집 완료. 봇 차단 방지 휴식 중 (10.7초)...

[351/468] [85 gold] ID 128 (API: 230872) -> 가격: 3,500 C
[352/468] [85 Gold] ID 149 (API: 248343) -> 가격: 3,300 C
[353/468] [85 Gold] ID 132 (API: 240030) -> 가격: 3,300 C
[354/468] [85 gold] ID 129 (API: 232073) -> 가격: 3,100 C
[355/468] [85 Gold] ID 155 (API: 264875) -> 가격: 3,100 C
[356/468] [85 gold] ID 131 (API: 232293) -> 가격: 3,200 C
[357/468] [85 gold] ID 162 (API: 273153) -> 가격: 19,250 C
[358/468] [85 gold] ID 130 (API: 232202) -> 가격: 3,300 C
[359/468] [85 gold] ID 156 (API: 265249) -> 가격: 13,750 C
[360/468] [85 gold] ID 163 (API: 273466) -> 가격: 3,400 C
[361/468] [85 gold] ID 157 (API: 265293) -> 가격: 3,500 C
[362/468] [85 gold] ID 158 (API: 265340) -> 가격: 3,200 C
[363/468] [85 gold] ID 134 (API: 241096) -> 가격: 4,000 C
[364/468] [85 gold] ID 152 (API: 257534) -> 가격: 3,400 C
[365/468] [85 Gold] ID 135 (API: 241159) -> 가격: 3,100 C
[366/468] [84 gold] ID 198 (API: 241461) -> 가격: 3,300 C
[367/468] [85 gold] ID 137 (API: 241486) -> 가격: 28,250 C
[368/468] [84 Gold] ID 165 (API: 20801) -> 가격: 1,200 C
[369/468] [85 gold] ID 105 (API: 192985) -> 가격: 3,300 C
[370/468] [85 gold] ID 138 (API: 242830) -> 가격: 3,000 C
[371/468] [84 Gold] ID 212 (API: 251805) -> 가격: 1,400 C
[372/468] [84 Gold] ID 180 (API: 227678) -> 가격: 1,500 C
[373/468] [85 gold] ID 139 (API: 244176) -> 가격: 3,200 C
[374/468] [85 gold] ID 140 (API: 244302) -> 가격: 3,200 C
[375/468] [85 gold] ID 164 (API: 277179) -> 가격: 3,800 C
[376/468] [84 Gold] ID 172 (API: 212218) -> 가격: 1,300 C
[377/468] [85 gold] ID 141 (API: 245037) -> 가격: 42,000 C
[378/468] [84 gold] ID 235 (API: 277954) -> 가격: 1,800 C
[379/468] [84 Gold] ID 188 (API: 236987) -> 가격: 1,200 C
[380/468] [84 gold] ID 189 (API: 237197) -> 가격: 21,250 C
[381/468] [84 gold] ID 204 (API: 245802) -> 가격: 1,300 C
[382/468] [84 Gold] ID 190 (API: 237678) -> 가격: 1,400 C
[383/468] [84 Gold] ID 205 (API: 245824) -> 가격: 1,500 C
[384/468] [85 gold] ID 153 (API: 261733) -> 가격: 3,200 C
[385/468] [84 gold] ID 182 (API: 229476) -> 가격: 1,400 C
[386/468] [84 gold] ID 207 (API: 246420) -> 가격: 25,750 C
[387/468] [84 gold] ID 174 (API: 222077) -> 가격: 1,400 C
[388/468] [84 gold] ID 214 (API: 256197) -> 가격: 2,800 C
[389/468] [84 Gold] ID 210 (API: 248148) -> 가격: 1,400 C
[390/468] [84 gold] ID 215 (API: 256516) -> 가격: 19,750 C
[391/468] [84 gold] ID 196 (API: 240243) -> 가격: 1,500 C
[392/468] [84 gold] ID 195 (API: 240130) -> 가격: 2,400 C
[393/468] [84 gold] ID 175 (API: 223848) -> 가격: 1,200 C
[394/468] [84 gold] ID 197 (API: 240638) -> 가격: 1,400 C
[395/468] [84 gold] ID 199 (API: 241637) -> 가격: 27,750 C
[396/468] [84 gold] ID 166 (API: 78012) -> 가격: 18,250 C
[397/468] [84 gold] ID 186 (API: 234579) -> 가격: 1,900 C
[398/468] [84 gold] ID 169 (API: 193698) -> 가격: 1,200 C
[399/468] [84 gold] ID 201 (API: 243014) -> 가격: 29,250 C
[400/468] [84 Gold] ID 167 (API: 177683) -> 가격: 1,300 C

[안전 대기] 50건 수집 완료. 봇 차단 방지 휴식 중 (9.6초)...

[401/468] [84 gold] ID 206 (API: 245872) -> 가격: 1,700 C
[402/468] [84 Gold] ID 173 (API: 218667) -> 가격: 1,300 C
[403/468] [84 gold] ID 202 (API: 243812) -> 가격: 5,900 C
[404/468] [84 gold] ID 218 (API: 260247) -> 가격: 1,500 C
[405/468] [84 gold] ID 170 (API: 194765) -> 가격: 1,800 C
[406/468] [84 gold] ID 187 (API: 235794) -> 가격: 1,500 C
[407/468] [84 gold] ID 203 (API: 244260) -> 가격: 1,400 C
[408/468] [84 Gold] ID 234 (API: 277846) -> 가격: 1,300 C
[409/468] [84 gold] ID 181 (API: 228813) -> 가격: 950 C
[410/468] [84 gold] ID 168 (API: 188545) -> 가격: 1,400 C
[411/468] [84 gold] ID 191 (API: 237692) -> 가격: 1,300 C
[412/468] [84 Gold] ID 183 (API: 229582) -> 가격: 1,200 C
[413/468] [84 gold] ID 192 (API: 238074) -> 가격: 1,600 C
[414/468] [82 gold] ID 403 (API: 247790) -> 가격: 750 C
[415/468] [82 Gold] ID 383 (API: 238470) -> 가격: 750 C
[416/468] [82 Gold] ID 390 (API: 242187) -> 가격: 700 C
[417/468] [84 Gold] ID 184 (API: 230142) -> 가격: 1,300 C
[418/468] [84 gold] ID 232 (API: 271446) -> 가격: 23,000 C
[419/468] [82 Gold] ID 365 (API: 227776) -> 가격: 850 C
[420/468] [82 Gold] ID 384 (API: 239301) -> 가격: 700 C
[421/468] [84 Gold] ID 208 (API: 247513) -> 가격: 1,300 C
[422/468] [84 gold] ID 193 (API: 239345) -> 가격: 1,400 C
[423/468] [82 Gold] ID 376 (API: 233756) -> 가격: 750 C
[424/468] [84 gold] ID 233 (API: 272094) -> 가격: 1,300 C
[425/468] [84 gold] ID 209 (API: 247788) -> 가격: 1,400 C
[426/468] [84 Gold] ID 185 (API: 231281) -> 가격: 1,400 C
[427/468] [84 Gold] ID 194 (API: 239837) -> 가격: 1,300 C
[428/468] [84 gold] ID 211 (API: 248717) -> 가격: 1,400 C
[429/468] [82 gold] ID 388 (API: 241491) -> 가격: 700 C
[430/468] [82 Gold] ID 435 (API: 271860) -> 가격: 1,200 C
[431/468] [82 Gold] ID 385 (API: 239344) -> 가격: 900 C
[432/468] [82 Gold] ID 374 (API: 233556) -> 가격: 700 C
[433/468] [82 Gold] ID 402 (API: 247789) -> 가격: 950 C
[434/468] [82 Gold] ID 430 (API: 265849) -> 가격: 700 C
[435/468] [82 Gold] ID 372 (API: 233150) -> 가격: 700 C
[436/468] [82 Gold] ID 410 (API: 256095) -> 가격: 750 C
[437/468] [84 gold] ID 216 (API: 258706) -> 가격: 1,600 C
[438/468] [84 gold] ID 230 (API: 267384) -> 가격: 1,300 C
[439/468] [84 gold] ID 200 (API: 242896) -> 가격: 1,300 C
[440/468] [82 Gold] ID 386 (API: 239761) -> 가격: 800 C
[441/468] [84 gold] ID 178 (API: 227119) -> 가격: 1,400 C
[442/468] [82 gold] ID 398 (API: 244675) -> 가격: 700 C
[443/468] [82 gold] ID 405 (API: 251377) -> 가격: 700 C
[444/468] [82 Gold] ID 382 (API: 237673) -> 가격: 800 C
[445/468] [82 gold] ID 393 (API: 243245) -> 가격: 700 C
[446/468] [82 Gold] ID 375 (API: 233747) -> 가격: 850 C
[447/468] [82 Gold] ID 414 (API: 258789) -> 가격: 900 C
[448/468] [82 Gold] ID 397 (API: 244257) -> 가격: 700 C
[449/468] [80 special_totw] ID 20173 (API: 50586853) -> 가격: 10,750 C
[450/468] [80 special_totw] ID 20166 (API: 50603785) -> 가격: 10,750 C

[안전 대기] 50건 수집 완료. 봇 차단 방지 휴식 중 (8.7초)...

[451/468] [80 special_totw] ID 20167 (API: 50571279) -> 가격: 10,750 C
[452/468] [80 special_totw] ID 20164 (API: 50555799) -> 가격: 10,750 C
[453/468] [83 special_totw] ID 20176 (API: 50531752) -> 가격: 36,000 C
[454/468] [80 special_totw] ID 20174 (API: 50547923) -> 가격: 10,750 C
[455/468] [84 special_totw] ID 20177 (API: 50588927) -> 가격: 15,500 C
[456/468] [82 special_totw] ID 20170 (API: 50416920) -> 가격: 12,000 C
[457/468] [84 special_totw] ID 20181 (API: 50574092) -> 가격: 189,000 C
[458/468] [80 special_totw] ID 20169 (API: 50599622) -> 가격: 11,000 C
[459/468] [80 special_totw] ID 20183 (API: 50542545) -> 가격: 10,250 C
[460/468] [80 special_totw] ID 20172 (API: 50608343) -> 가격: 12,500 C
[461/468] [80 special_totw] ID 20061 (API: 67302212) -> 가격: 11,750 C
[462/468] [80 special_totw] ID 20125 (API: 50411878) -> 가격: 11,500 C
[463/468] [82 special_totw] ID 20122 (API: 50608373) -> 가격: 11,000 C
[464/468] [80 special_totw] ID 20168 (API: 67361026) -> 가격: 10,750 C
[465/468] [83 special_totw] ID 19937 (API: 67377753) -> 가격: 590,000 C
[466/468] [81 special_totw] ID 20185 (API: 50584200) -> 가격: 11,750 C
[467/468] [83 special_totw] ID 20184 (API: 50609517) -> 가격: 31,750 C
[468/468] [80 special_totw] ID 20090 (API: 67379423) -> 가격: 12,000 C

[완료] 총 468개 중 성공: 468개, 실패: 0개
